C:\Users\Nacu\AppData\Local\Programs\Python\Python312\Lib\site-packages\pytorch_tabnet\abstract_model.py:82: UserWarning: Device used : cpu
  warnings.warn(f"Device used : {self.device}")
Bootstrapped AGGREGATE (n=5308)
Bootstrapped Africa (n=24)
Bootstrapped East Asia (n=244)
Bootstrapped Europe (n=1159)
Bootstrapped Latin America (n=105)
Bootstrapped North America (n=3589)
Bootstrapped South Asia (n=111)
Bootstrapped Southeast Asia (n=76)

Saved results_exp15/bootstrap_ci_per_region.csv
Saved results_exp15/bootstrap_win_probability.csv

=== SFTNN vs each baseline: P(SFTNN better) on Recall/F1/ROC-AUC/PR-AUC, by region ===
Metric                                      F1    PR-AUC   ROC-AUC  Recall
Region         Baseline                                                   
AGGREGATE      Standard MLP (baseline)  0.4960  0.831500  0.914500  0.0230
               TabNet (baseline)        0.7595  0.100000  0.899500  0.9905
               XGBoost (baseline)       0.6610  0.000000  0.007000  1.0000
Africa         Standard MLP (baseline)  0.8375  0.956478  0.921961  0.8760
               TabNet (baseline)        0.8760  0.984992  0.984992  0.8760
               XGBoost (baseline)       0.5705  0.790395  0.682341  0.6365
East Asia      Standard MLP (baseline)  0.4615  0.265000  0.176500  0.0555
               TabNet (baseline)        0.8290  0.156000  0.525000  0.6010
               XGBoost (baseline)       0.7515  0.179500  0.113500  0.8910
Europe         Standard MLP (baseline)  0.1440  0.693500  0.833000  0.0095
               TabNet (baseline)        0.0825  0.062000  0.439500  0.0185
               XGBoost (baseline)       0.1090  0.005500  0.095500  0.8650
Latin America  Standard MLP (baseline)  0.2960  0.228500  0.361000  0.0000
               TabNet (baseline)        0.3140  0.511000  0.785500  0.6060
               XGBoost (baseline)       0.1625  0.023500  0.146000  0.1860
North America  Standard MLP (baseline)  0.8230  0.751500  0.611500  0.4400
               TabNet (baseline)        0.9405  0.363500  0.828500  1.0000
               XGBoost (baseline)       0.9435  0.021500  0.050000  1.0000
South Asia     Standard MLP (baseline)  0.8310  1.000000  1.000000  0.6015
               TabNet (baseline)        0.6640  0.991500  0.994000  0.7320
               XGBoost (baseline)       0.2580  0.513500  0.570500  0.6080
Southeast Asia Standard MLP (baseline)  0.0195  0.130000  0.064500  0.0455
               TabNet (baseline)        0.0255  0.143500  0.080500  0.0970
               XGBoost (baseline)       0.1495  0.141500  0.047500  0.4175
