C:\Users\Nacu\AppData\Local\Programs\Python\Python312\Lib\site-packages\pytorch_tabnet\abstract_model.py:82: UserWarning: Device used : cpu
  warnings.warn(f"Device used : {self.device}")
Bootstrapped AGGREGATE (n=5308)
Bootstrapped Africa (n=24)
Bootstrapped East Asia (n=244)
Bootstrapped Europe (n=1159)
Bootstrapped Latin America (n=105)
Bootstrapped North America (n=3589)
Bootstrapped South Asia (n=111)
Bootstrapped Southeast Asia (n=76)

Saved results_exp9/bootstrap_ci_per_region.csv
Saved results_exp9/bootstrap_win_probability.csv

=== SFTNN vs each baseline: P(SFTNN better) on Recall/F1/ROC-AUC/PR-AUC, by region ===
Metric                                      F1    PR-AUC   ROC-AUC  Recall
Region         Baseline                                                   
AGGREGATE      Standard MLP (baseline)  0.2230  0.662500  0.883500  0.3555
               TabNet (baseline)        0.5465  0.061500  0.888500  0.9995
               XGBoost (baseline)       0.4570  0.000000  0.004000  1.0000
Africa         Standard MLP (baseline)  0.8375  0.887944  0.903952  0.8760
               TabNet (baseline)        0.8760  0.920460  0.976988  0.8760
               XGBoost (baseline)       0.5705  0.562281  0.581291  0.6365
East Asia      Standard MLP (baseline)  0.0515  0.108000  0.158000  0.0040
               TabNet (baseline)        0.3885  0.079000  0.470500  0.3040
               XGBoost (baseline)       0.3245  0.095500  0.080000  0.6785
Europe         Standard MLP (baseline)  0.1330  0.663000  0.862500  0.0030
               TabNet (baseline)        0.0865  0.060500  0.481000  0.0085
               XGBoost (baseline)       0.1135  0.005500  0.093500  0.8015
Latin America  Standard MLP (baseline)  0.2960  0.047000  0.120000  0.0000
               TabNet (baseline)        0.3140  0.313000  0.645500  0.6060
               XGBoost (baseline)       0.1625  0.008500  0.072000  0.1860
North America  Standard MLP (baseline)  0.5055  0.690500  0.457000  0.9955
               TabNet (baseline)        0.8160  0.321000  0.795000  1.0000
               XGBoost (baseline)       0.8520  0.019000  0.027000  1.0000
South Asia     Standard MLP (baseline)  0.9825  1.000000  1.000000  0.9545
               TabNet (baseline)        0.9040  0.998500  0.999500  0.9800
               XGBoost (baseline)       0.5225  0.709000  0.755500  0.9585
Southeast Asia Standard MLP (baseline)  0.0125  0.245000  0.132000  0.1885
               TabNet (baseline)        0.0590  0.197000  0.103500  0.4030
               XGBoost (baseline)       0.2155  0.198500  0.061000  0.7335
