[I 2026-09-15 08:00:15,818] A new study created in memory with name: no-name-cb61c17a-ef20-4980-a043-16a1a656f4a6
C:\Users\Nacu\AppData\Local\Programs\Python\Python312\Lib\site-packages\pytorch_tabnet\callbacks.py:172: UserWarning: Best weights from best epoch are automatically used!
  warnings.warn(wrn_msg)
[I 2026-09-15 08:01:49,448] Trial 0 finished with value: 0.8340802630457631 and parameters: {'n_d_n_a': 16, 'n_steps': 3, 'gamma': 1.3}. Best is trial 0 with value: 0.8340802630457631.
C:\Users\Nacu\AppData\Local\Programs\Python\Python312\Lib\site-packages\pytorch_tabnet\callbacks.py:172: UserWarning: Best weights from best epoch are automatically used!
  warnings.warn(wrn_msg)
[I 2026-09-15 08:04:24,269] Trial 1 finished with value: 0.8469514672044995 and parameters: {'n_d_n_a': 24, 'n_steps': 3, 'gamma': 1.5}. Best is trial 1 with value: 0.8469514672044995.
C:\Users\Nacu\AppData\Local\Programs\Python\Python312\Lib\site-packages\pytorch_tabnet\callbacks.py:172: UserWarning: Best weights from best epoch are automatically used!
  warnings.warn(wrn_msg)
[I 2026-09-15 08:06:48,247] Trial 2 finished with value: 0.8066773428400988 and parameters: {'n_d_n_a': 24, 'n_steps': 7, 'gamma': 1.3}. Best is trial 1 with value: 0.8469514672044995.
C:\Users\Nacu\AppData\Local\Programs\Python\Python312\Lib\site-packages\pytorch_tabnet\callbacks.py:172: UserWarning: Best weights from best epoch are automatically used!
  warnings.warn(wrn_msg)
[I 2026-09-15 08:08:39,607] Trial 3 finished with value: 0.8340802630457631 and parameters: {'n_d_n_a': 16, 'n_steps': 3, 'gamma': 1.3}. Best is trial 1 with value: 0.8469514672044995.
C:\Users\Nacu\AppData\Local\Programs\Python\Python312\Lib\site-packages\pytorch_tabnet\callbacks.py:172: UserWarning: Best weights from best epoch are automatically used!
  warnings.warn(wrn_msg)
[I 2026-09-15 08:11:08,403] Trial 4 finished with value: 0.8066773428400988 and parameters: {'n_d_n_a': 24, 'n_steps': 7, 'gamma': 1.3}. Best is trial 1 with value: 0.8469514672044995.
C:\Users\Nacu\AppData\Local\Programs\Python\Python312\Lib\site-packages\pytorch_tabnet\callbacks.py:172: UserWarning: Best weights from best epoch are automatically used!
  warnings.warn(wrn_msg)
[I 2026-09-15 08:13:46,823] Trial 5 finished with value: 0.8072174246513081 and parameters: {'n_d_n_a': 8, 'n_steps': 7, 'gamma': 1.3}. Best is trial 1 with value: 0.8469514672044995.
C:\Users\Nacu\AppData\Local\Programs\Python\Python312\Lib\site-packages\pytorch_tabnet\callbacks.py:172: UserWarning: Best weights from best epoch are automatically used!
  warnings.warn(wrn_msg)
[I 2026-09-15 08:18:39,604] Trial 6 finished with value: 0.8289429167968638 and parameters: {'n_d_n_a': 16, 'n_steps': 7, 'gamma': 1.5}. Best is trial 1 with value: 0.8469514672044995.
C:\Users\Nacu\AppData\Local\Programs\Python\Python312\Lib\site-packages\pytorch_tabnet\callbacks.py:172: UserWarning: Best weights from best epoch are automatically used!
  warnings.warn(wrn_msg)
[I 2026-09-15 08:23:37,227] Trial 7 finished with value: 0.8364582563986024 and parameters: {'n_d_n_a': 24, 'n_steps': 5, 'gamma': 1.0}. Best is trial 1 with value: 0.8469514672044995.
C:\Users\Nacu\AppData\Local\Programs\Python\Python312\Lib\site-packages\pytorch_tabnet\callbacks.py:172: UserWarning: Best weights from best epoch are automatically used!
  warnings.warn(wrn_msg)
[I 2026-09-15 08:24:44,674] Trial 8 finished with value: 0.8072928443598557 and parameters: {'n_d_n_a': 16, 'n_steps': 5, 'gamma': 1.5}. Best is trial 1 with value: 0.8469514672044995.
C:\Users\Nacu\AppData\Local\Programs\Python\Python312\Lib\site-packages\pytorch_tabnet\callbacks.py:172: UserWarning: Best weights from best epoch are automatically used!
  warnings.warn(wrn_msg)
[I 2026-09-15 08:27:00,633] Trial 9 finished with value: 0.8072174246513081 and parameters: {'n_d_n_a': 8, 'n_steps': 7, 'gamma': 1.3}. Best is trial 1 with value: 0.8469514672044995.
C:\Users\Nacu\AppData\Local\Programs\Python\Python312\Lib\site-packages\pytorch_tabnet\callbacks.py:172: UserWarning: Best weights from best epoch are automatically used!
  warnings.warn(wrn_msg)
[I 2026-09-15 08:29:26,016] Trial 10 finished with value: 0.8469514672044995 and parameters: {'n_d_n_a': 24, 'n_steps': 3, 'gamma': 1.5}. Best is trial 1 with value: 0.8469514672044995.
C:\Users\Nacu\AppData\Local\Programs\Python\Python312\Lib\site-packages\pytorch_tabnet\callbacks.py:172: UserWarning: Best weights from best epoch are automatically used!
  warnings.warn(wrn_msg)
[I 2026-09-15 08:31:21,591] Trial 11 finished with value: 0.8469514672044995 and parameters: {'n_d_n_a': 24, 'n_steps': 3, 'gamma': 1.5}. Best is trial 1 with value: 0.8469514672044995.
C:\Users\Nacu\AppData\Local\Programs\Python\Python312\Lib\site-packages\pytorch_tabnet\callbacks.py:172: UserWarning: Best weights from best epoch are automatically used!
  warnings.warn(wrn_msg)
[I 2026-09-15 08:33:11,924] Trial 12 finished with value: 0.8469514672044995 and parameters: {'n_d_n_a': 24, 'n_steps': 3, 'gamma': 1.5}. Best is trial 1 with value: 0.8469514672044995.
C:\Users\Nacu\AppData\Local\Programs\Python\Python312\Lib\site-packages\pytorch_tabnet\callbacks.py:172: UserWarning: Best weights from best epoch are automatically used!
  warnings.warn(wrn_msg)
[I 2026-09-15 08:35:55,060] Trial 13 finished with value: 0.8469514672044995 and parameters: {'n_d_n_a': 24, 'n_steps': 3, 'gamma': 1.5}. Best is trial 1 with value: 0.8469514672044995.
C:\Users\Nacu\AppData\Local\Programs\Python\Python312\Lib\site-packages\pytorch_tabnet\callbacks.py:172: UserWarning: Best weights from best epoch are automatically used!
  warnings.warn(wrn_msg)
[I 2026-09-15 08:39:06,987] Trial 14 finished with value: 0.8447790671249609 and parameters: {'n_d_n_a': 24, 'n_steps': 3, 'gamma': 1.0}. Best is trial 1 with value: 0.8469514672044995.
C:\Users\Nacu\AppData\Local\Programs\Python\Python312\Lib\site-packages\pytorch_tabnet\callbacks.py:172: UserWarning: Best weights from best epoch are automatically used!
  warnings.warn(wrn_msg)
[I 2026-09-15 08:41:33,261] Trial 15 finished with value: 0.8469514672044995 and parameters: {'n_d_n_a': 24, 'n_steps': 3, 'gamma': 1.5}. Best is trial 1 with value: 0.8469514672044995.
C:\Users\Nacu\AppData\Local\Programs\Python\Python312\Lib\site-packages\pytorch_tabnet\callbacks.py:172: UserWarning: Best weights from best epoch are automatically used!
  warnings.warn(wrn_msg)
[I 2026-09-15 08:42:49,744] Trial 16 finished with value: 0.8322228219185865 and parameters: {'n_d_n_a': 8, 'n_steps': 3, 'gamma': 1.5}. Best is trial 1 with value: 0.8469514672044995.
C:\Users\Nacu\AppData\Local\Programs\Python\Python312\Lib\site-packages\pytorch_tabnet\callbacks.py:172: UserWarning: Best weights from best epoch are automatically used!
  warnings.warn(wrn_msg)
[I 2026-09-15 08:46:04,459] Trial 17 finished with value: 0.8370229809959379 and parameters: {'n_d_n_a': 24, 'n_steps': 5, 'gamma': 1.5}. Best is trial 1 with value: 0.8469514672044995.
C:\Users\Nacu\AppData\Local\Programs\Python\Python312\Lib\site-packages\pytorch_tabnet\callbacks.py:172: UserWarning: Best weights from best epoch are automatically used!
  warnings.warn(wrn_msg)
[I 2026-09-15 08:48:15,847] Trial 18 finished with value: 0.8447790671249609 and parameters: {'n_d_n_a': 24, 'n_steps': 3, 'gamma': 1.0}. Best is trial 1 with value: 0.8469514672044995.
C:\Users\Nacu\AppData\Local\Programs\Python\Python312\Lib\site-packages\pytorch_tabnet\callbacks.py:172: UserWarning: Best weights from best epoch are automatically used!
  warnings.warn(wrn_msg)
[I 2026-09-15 08:49:32,497] Trial 19 finished with value: 0.8322228219185865 and parameters: {'n_d_n_a': 8, 'n_steps': 3, 'gamma': 1.5}. Best is trial 1 with value: 0.8469514672044995.
C:\Users\Nacu\AppData\Local\Programs\Python\Python312\Lib\site-packages\pytorch_tabnet\callbacks.py:172: UserWarning: Best weights from best epoch are automatically used!
  warnings.warn(wrn_msg)

Early stopping occurred at epoch 24 with best_epoch = 19 and best_val_0_auc = 0.83408

Early stopping occurred at epoch 32 with best_epoch = 27 and best_val_0_auc = 0.84695

Early stopping occurred at epoch 16 with best_epoch = 11 and best_val_0_auc = 0.80668

Early stopping occurred at epoch 24 with best_epoch = 19 and best_val_0_auc = 0.83408

Early stopping occurred at epoch 16 with best_epoch = 11 and best_val_0_auc = 0.80668

Early stopping occurred at epoch 19 with best_epoch = 14 and best_val_0_auc = 0.80722

Early stopping occurred at epoch 41 with best_epoch = 36 and best_val_0_auc = 0.82894

Early stopping occurred at epoch 47 with best_epoch = 42 and best_val_0_auc = 0.83646

Early stopping occurred at epoch 13 with best_epoch = 8 and best_val_0_auc = 0.80729

Early stopping occurred at epoch 19 with best_epoch = 14 and best_val_0_auc = 0.80722

Early stopping occurred at epoch 32 with best_epoch = 27 and best_val_0_auc = 0.84695

Early stopping occurred at epoch 32 with best_epoch = 27 and best_val_0_auc = 0.84695

Early stopping occurred at epoch 32 with best_epoch = 27 and best_val_0_auc = 0.84695

Early stopping occurred at epoch 32 with best_epoch = 27 and best_val_0_auc = 0.84695

Early stopping occurred at epoch 39 with best_epoch = 34 and best_val_0_auc = 0.84478

Early stopping occurred at epoch 32 with best_epoch = 27 and best_val_0_auc = 0.84695

Early stopping occurred at epoch 27 with best_epoch = 22 and best_val_0_auc = 0.83222

Early stopping occurred at epoch 35 with best_epoch = 30 and best_val_0_auc = 0.83702

Early stopping occurred at epoch 39 with best_epoch = 34 and best_val_0_auc = 0.84478

Early stopping occurred at epoch 27 with best_epoch = 22 and best_val_0_auc = 0.83222

Best val AUC: 0.8470
Best params: {'n_d_n_a': 24, 'n_steps': 3, 'gamma': 1.5}

Early stopping occurred at epoch 32 with best_epoch = 27 and best_val_0_auc = 0.84695
Successfully saved model at artifacts/tabnet_model.zip
Saved trained TabNet model to artifacts/tabnet_model.zip
=== TABNET DONE ===
[I 2026-09-15 08:51:27,527] A new study created in memory with name: no-name-16de695f-5543-4cb8-b3f3-2236bc936a0b
[I 2026-09-15 08:52:20,029] Trial 0 finished with value: 0.8338020907309036 and parameters: {'lr': 0.0005611516415334506, 'dropout': 0.1, 'weight_decay': 1e-05, 'hidden_dim': 32, 'n_layers': 2, 'embed_dim': 4, 'shrink_lambda': 0.016480446427978974}. Best is trial 0 with value: 0.8338020907309036.
[I 2026-09-15 08:53:22,440] Trial 1 finished with value: 0.8399382154929977 and parameters: {'lr': 0.0011207606211860567, 'dropout': 0.3, 'weight_decay': 0.001, 'hidden_dim': 64, 'n_layers': 2, 'embed_dim': 4, 'shrink_lambda': 6.245139574743075}. Best is trial 1 with value: 0.8399382154929977.
[I 2026-09-15 08:54:17,656] Trial 2 finished with value: 0.8481192654035167 and parameters: {'lr': 0.00853618986286683, 'dropout': 0.1, 'weight_decay': 1e-05, 'hidden_dim': 128, 'n_layers': 2, 'embed_dim': 8, 'shrink_lambda': 7.556810141274429}. Best is trial 2 with value: 0.8481192654035167.
[I 2026-09-15 08:55:24,336] Trial 3 finished with value: 0.849864855268017 and parameters: {'lr': 0.0035503048581283078, 'dropout': 0.1, 'weight_decay': 1e-05, 'hidden_dim': 128, 'n_layers': 2, 'embed_dim': 8, 'shrink_lambda': 1.6172900811143154}. Best is trial 3 with value: 0.849864855268017.
[I 2026-09-15 08:56:37,669] Trial 4 finished with value: 0.833245106951112 and parameters: {'lr': 0.00014096175149815865, 'dropout': 0.1, 'weight_decay': 0.0001, 'hidden_dim': 64, 'n_layers': 3, 'embed_dim': 4, 'shrink_lambda': 0.017535949529764425}. Best is trial 3 with value: 0.849864855268017.
[I 2026-09-15 08:58:32,355] Trial 5 finished with value: 0.8422641536232707 and parameters: {'lr': 0.0004470608546778491, 'dropout': 0.3, 'weight_decay': 0.001, 'hidden_dim': 128, 'n_layers': 2, 'embed_dim': 8, 'shrink_lambda': 0.35127047262708466}. Best is trial 3 with value: 0.849864855268017.
[I 2026-09-15 08:59:55,479] Trial 6 finished with value: 0.8355872368832202 and parameters: {'lr': 0.0004253162363790873, 'dropout': 0.2, 'weight_decay': 0.0001, 'hidden_dim': 64, 'n_layers': 1, 'embed_dim': 4, 'shrink_lambda': 3.7173717478250508}. Best is trial 3 with value: 0.849864855268017.
[I 2026-09-15 09:00:27,413] Trial 7 finished with value: 0.8335565150697384 and parameters: {'lr': 0.0011986281799901185, 'dropout': 0.2, 'weight_decay': 0.001, 'hidden_dim': 64, 'n_layers': 1, 'embed_dim': 16, 'shrink_lambda': 0.019625093208439862}. Best is trial 3 with value: 0.849864855268017.
[I 2026-09-15 09:01:10,312] Trial 8 finished with value: 0.8323443314490242 and parameters: {'lr': 0.0010903884523201113, 'dropout': 0.3, 'weight_decay': 1e-05, 'hidden_dim': 32, 'n_layers': 1, 'embed_dim': 8, 'shrink_lambda': 0.003798214508453258}. Best is trial 3 with value: 0.849864855268017.
[I 2026-09-15 09:02:26,675] Trial 9 finished with value: 0.8508285515439025 and parameters: {'lr': 0.0009525889086580769, 'dropout': 0.1, 'weight_decay': 1e-05, 'hidden_dim': 128, 'n_layers': 3, 'embed_dim': 4, 'shrink_lambda': 0.2309786149269357}. Best is trial 9 with value: 0.8508285515439025.
[I 2026-09-15 09:03:36,526] Trial 10 finished with value: 0.8330216174757833 and parameters: {'lr': 0.00012300881169969704, 'dropout': 0.1, 'weight_decay': 1e-05, 'hidden_dim': 128, 'n_layers': 3, 'embed_dim': 16, 'shrink_lambda': 0.269008651246541}. Best is trial 9 with value: 0.8508285515439025.
[I 2026-09-15 09:04:33,809] Trial 11 finished with value: 0.8485967105076272 and parameters: {'lr': 0.005523007275139231, 'dropout': 0.1, 'weight_decay': 1e-05, 'hidden_dim': 128, 'n_layers': 3, 'embed_dim': 8, 'shrink_lambda': 0.30073606541731496}. Best is trial 9 with value: 0.8508285515439025.
[I 2026-09-15 09:05:14,977] Trial 12 finished with value: 0.847568318041076 and parameters: {'lr': 0.0032003454892085507, 'dropout': 0.1, 'weight_decay': 1e-05, 'hidden_dim': 128, 'n_layers': 3, 'embed_dim': 4, 'shrink_lambda': 1.052603095656158}. Best is trial 9 with value: 0.8508285515439025.
[I 2026-09-15 09:06:25,948] Trial 13 finished with value: 0.850307005084794 and parameters: {'lr': 0.002765584679591663, 'dropout': 0.1, 'weight_decay': 1e-05, 'hidden_dim': 128, 'n_layers': 2, 'embed_dim': 8, 'shrink_lambda': 0.0984175675835794}. Best is trial 9 with value: 0.8508285515439025.
[I 2026-09-15 09:07:57,648] Trial 14 finished with value: 0.8533413345453512 and parameters: {'lr': 0.002004617910720449, 'dropout': 0.1, 'weight_decay': 1e-05, 'hidden_dim': 128, 'n_layers': 3, 'embed_dim': 16, 'shrink_lambda': 0.0670040018684413}. Best is trial 14 with value: 0.8533413345453512.
[I 2026-09-15 09:09:03,082] Trial 15 finished with value: 0.8499560406783513 and parameters: {'lr': 0.0019469167007567754, 'dropout': 0.2, 'weight_decay': 0.0001, 'hidden_dim': 128, 'n_layers': 3, 'embed_dim': 16, 'shrink_lambda': 0.05428237801441411}. Best is trial 14 with value: 0.8533413345453512.
[I 2026-09-15 09:10:39,721] Trial 16 finished with value: 0.8341309689515098 and parameters: {'lr': 0.00022228575321318436, 'dropout': 0.1, 'weight_decay': 1e-05, 'hidden_dim': 32, 'n_layers': 3, 'embed_dim': 16, 'shrink_lambda': 0.0011065136021090993}. Best is trial 14 with value: 0.8533413345453512.
[I 2026-09-15 09:11:39,023] Trial 17 finished with value: 0.8459589381586796 and parameters: {'lr': 0.0006753511393197178, 'dropout': 0.1, 'weight_decay': 1e-05, 'hidden_dim': 128, 'n_layers': 3, 'embed_dim': 16, 'shrink_lambda': 0.07724142432338467}. Best is trial 14 with value: 0.8533413345453512.
[I 2026-09-15 09:12:42,615] Trial 18 finished with value: 0.8481794165270005 and parameters: {'lr': 0.0019867502496984657, 'dropout': 0.2, 'weight_decay': 0.0001, 'hidden_dim': 128, 'n_layers': 3, 'embed_dim': 16, 'shrink_lambda': 1.1572418002097362}. Best is trial 14 with value: 0.8533413345453512.
[I 2026-09-15 09:14:09,630] Trial 19 finished with value: 0.8327718518308098 and parameters: {'lr': 0.0002670340676364, 'dropout': 0.3, 'weight_decay': 0.001, 'hidden_dim': 32, 'n_layers': 3, 'embed_dim': 4, 'shrink_lambda': 0.004531292986525192}. Best is trial 14 with value: 0.8533413345453512.
[I 2026-09-15 09:15:35,540] Trial 20 finished with value: 0.8508403403119053 and parameters: {'lr': 0.001404038235897599, 'dropout': 0.1, 'weight_decay': 1e-05, 'hidden_dim': 128, 'n_layers': 3, 'embed_dim': 16, 'shrink_lambda': 0.1945233387993467}. Best is trial 14 with value: 0.8533413345453512.
[I 2026-09-15 09:16:25,912] Trial 21 finished with value: 0.8491500724370082 and parameters: {'lr': 0.0016998032151103223, 'dropout': 0.1, 'weight_decay': 1e-05, 'hidden_dim': 128, 'n_layers': 3, 'embed_dim': 16, 'shrink_lambda': 0.1527996056975937}. Best is trial 14 with value: 0.8533413345453512.
[I 2026-09-15 09:17:27,364] Trial 22 finished with value: 0.8494813652245548 and parameters: {'lr': 0.0008048247596975055, 'dropout': 0.1, 'weight_decay': 1e-05, 'hidden_dim': 128, 'n_layers': 3, 'embed_dim': 16, 'shrink_lambda': 0.04349079569507247}. Best is trial 14 with value: 0.8533413345453512.
[I 2026-09-15 09:18:57,135] Trial 23 finished with value: 0.852936184416101 and parameters: {'lr': 0.0014766172278285166, 'dropout': 0.1, 'weight_decay': 1e-05, 'hidden_dim': 128, 'n_layers': 3, 'embed_dim': 16, 'shrink_lambda': 0.7290966953777177}. Best is trial 14 with value: 0.8533413345453512.
[I 2026-09-15 09:19:57,743] Trial 24 finished with value: 0.8501933784052496 and parameters: {'lr': 0.0051163572112741884, 'dropout': 0.1, 'weight_decay': 1e-05, 'hidden_dim': 128, 'n_layers': 3, 'embed_dim': 16, 'shrink_lambda': 0.7498219215595531}. Best is trial 14 with value: 0.8533413345453512.
[I 2026-09-15 09:20:56,991] Trial 25 finished with value: 0.8396106155725364 and parameters: {'lr': 0.0015566624354135424, 'dropout': 0.1, 'weight_decay': 1e-05, 'hidden_dim': 128, 'n_layers': 1, 'embed_dim': 16, 'shrink_lambda': 0.5696126230989899}. Best is trial 14 with value: 0.8533413345453512.
[I 2026-09-15 09:22:01,808] Trial 26 finished with value: 0.8510815839559129 and parameters: {'lr': 0.0025467334888853482, 'dropout': 0.1, 'weight_decay': 1e-05, 'hidden_dim': 128, 'n_layers': 3, 'embed_dim': 16, 'shrink_lambda': 0.03472765961456882}. Best is trial 14 with value: 0.8533413345453512.
[I 2026-09-15 09:23:36,009] Trial 27 finished with value: 0.8534415390733744 and parameters: {'lr': 0.0022671893459680482, 'dropout': 0.1, 'weight_decay': 0.0001, 'hidden_dim': 128, 'n_layers': 3, 'embed_dim': 16, 'shrink_lambda': 0.03128149576925576}. Best is trial 27 with value: 0.8534415390733744.
[I 2026-09-15 09:24:08,066] Trial 28 finished with value: 0.8353600545408062 and parameters: {'lr': 0.0065619679885686975, 'dropout': 0.3, 'weight_decay': 0.0001, 'hidden_dim': 32, 'n_layers': 3, 'embed_dim': 16, 'shrink_lambda': 0.004873498422065467}. Best is trial 27 with value: 0.8534415390733744.
[I 2026-09-15 09:24:29,016] Trial 29 finished with value: 0.8338214782831009 and parameters: {'lr': 0.0036989463817394845, 'dropout': 0.2, 'weight_decay': 0.0001, 'hidden_dim': 64, 'n_layers': 1, 'embed_dim': 16, 'shrink_lambda': 0.00925330895118546}. Best is trial 27 with value: 0.8534415390733744.
Region training counts (id order): [106.0, 1086.0, 5342.0, 532.0, 16799.0, 566.0, 335.0]

Best val AUC: 0.8534
Best params: {'lr': 0.0022671893459680482, 'dropout': 0.1, 'weight_decay': 0.0001, 'hidden_dim': 128, 'n_layers': 3, 'embed_dim': 16, 'shrink_lambda': 0.03128149576925576}
  epoch 00  val_auc=0.8171
  epoch 01  val_auc=0.8286
  epoch 02  val_auc=0.8321
  epoch 03  val_auc=0.8326
  epoch 04  val_auc=0.8333
  epoch 05  val_auc=0.8364
  epoch 06  val_auc=0.8375
  epoch 07  val_auc=0.8377
  epoch 08  val_auc=0.8401
  epoch 09  val_auc=0.8440
  epoch 10  val_auc=0.8451
  epoch 11  val_auc=0.8452
  epoch 12  val_auc=0.8457
  epoch 13  val_auc=0.8460
  epoch 14  val_auc=0.8445
  epoch 15  val_auc=0.8445
  epoch 16  val_auc=0.8467
  epoch 17  val_auc=0.8476
  epoch 18  val_auc=0.8439
  epoch 19  val_auc=0.8481
  epoch 20  val_auc=0.8470
  epoch 21  val_auc=0.8466
  epoch 22  val_auc=0.8473
  epoch 23  val_auc=0.8477
  epoch 24  val_auc=0.8481
  epoch 25  val_auc=0.8496
  epoch 26  val_auc=0.8460
  epoch 27  val_auc=0.8448
  epoch 28  val_auc=0.8479
  epoch 29  val_auc=0.8483
  epoch 30  val_auc=0.8462

Saved trained SFTNN to artifacts/sftnn_model.pt
=== SFTNN DONE ===
C:\Users\Nacu\AppData\Local\Programs\Python\Python312\Lib\site-packages\pytorch_tabnet\abstract_model.py:82: UserWarning: Device used : cpu
  warnings.warn(f"Device used : {self.device}")
=== Table 4.6: Aggregate Evaluation ===
                  Model  Accuracy  Precision   Recall       F1  ROC-AUC   PR-AUC
Standard MLP (baseline)  0.749812   0.802223 0.657805 0.722871 0.824980 0.837893
     XGBoost (baseline)  0.767521   0.799059 0.709837 0.751810 0.843969 0.856338
      TabNet (baseline)  0.757536   0.768127 0.732245 0.749757 0.834454 0.849310
         Proposed SFTNN  0.757724   0.774786 0.721231 0.747050 0.837715 0.845452

=== Table 4.7: Per-Region Evaluation ===
                  Model         Region    n  Accuracy  Precision   Recall       F1  ROC-AUC   PR-AUC
Standard MLP (baseline)         Africa   24  0.791667   1.000000 0.166667 0.285714 0.574074 0.582492
Standard MLP (baseline)      East Asia  244  0.663934   0.641975 0.495238 0.559140 0.703837 0.699054
Standard MLP (baseline)         Europe 1159  0.753236   0.800687 0.505423 0.619681 0.809656 0.778193
Standard MLP (baseline)  Latin America  105  0.723810   0.645161 0.526316 0.579710 0.772192 0.724016
Standard MLP (baseline)  North America 3589  0.755921   0.816207 0.711726 0.760394 0.833856 0.861734
Standard MLP (baseline)     South Asia  111  0.729730   0.653846 0.447368 0.531250 0.789113 0.709144
Standard MLP (baseline) Southeast Asia   76  0.736842   0.730769 0.593750 0.655172 0.759233 0.757612
     XGBoost (baseline)         Africa   24  0.875000   1.000000 0.500000 0.666667 0.833333 0.747222
     XGBoost (baseline)      East Asia  244  0.700820   0.690476 0.552381 0.613757 0.733984 0.721970
     XGBoost (baseline)         Europe 1159  0.785160   0.811765 0.598698 0.689139 0.834425 0.810461
     XGBoost (baseline)  Latin America  105  0.809524   0.821429 0.605263 0.696970 0.862529 0.838827
     XGBoost (baseline)  North America 3589  0.764280   0.801306 0.753712 0.776781 0.847344 0.875387
     XGBoost (baseline)     South Asia  111  0.792793   0.826087 0.500000 0.622951 0.831471 0.772538
     XGBoost (baseline) Southeast Asia   76  0.736842   0.750000 0.562500 0.642857 0.780540 0.752773
      TabNet (baseline)         Africa   24  0.791667   0.666667 0.333333 0.444444 0.546296 0.538876
      TabNet (baseline)      East Asia  244  0.659836   0.614583 0.561905 0.587065 0.711819 0.714096
      TabNet (baseline)         Europe 1159  0.761864   0.725061 0.646421 0.683486 0.827249 0.802980
      TabNet (baseline)  Latin America  105  0.809524   0.909091 0.526316 0.666667 0.805970 0.790542
      TabNet (baseline)  North America 3589  0.760379   0.783896 0.772657 0.778236 0.840248 0.868377
      TabNet (baseline)     South Asia  111  0.774775   0.760000 0.500000 0.603175 0.775054 0.691773
      TabNet (baseline) Southeast Asia   76  0.763158   0.750000 0.656250 0.700000 0.779830 0.766115
         Proposed SFTNN         Africa   24  0.833333   0.750000 0.500000 0.600000 0.851852 0.747316
         Proposed SFTNN      East Asia  244  0.639344   0.584158 0.561905 0.572816 0.709729 0.690292
         Proposed SFTNN         Europe 1159  0.765315   0.756098 0.605206 0.672289 0.829561 0.792428
         Proposed SFTNN  Latin America  105  0.780952   0.777778 0.552632 0.646154 0.823252 0.791766
         Proposed SFTNN  North America 3589  0.761493   0.789752 0.765489 0.777431 0.842937 0.865877
         Proposed SFTNN     South Asia  111  0.792793   0.777778 0.552632 0.646154 0.829849 0.777268
         Proposed SFTNN Southeast Asia   76  0.736842   0.700000 0.656250 0.677419 0.761364 0.760086

Confusion matrix -- Standard MLP (baseline) (rows=actual, cols=predicted, order=[Success, Failure]):
[[1732  901]
 [ 427 2248]]

Confusion matrix -- XGBoost (baseline) (rows=actual, cols=predicted, order=[Success, Failure]):
[[1869  764]
 [ 470 2205]]

Confusion matrix -- TabNet (baseline) (rows=actual, cols=predicted, order=[Success, Failure]):
[[1928  705]
 [ 582 2093]]

Confusion matrix -- Proposed SFTNN (rows=actual, cols=predicted, order=[Success, Failure]):
[[1899  734]
 [ 552 2123]]

Saved: results/table_4_6_aggregate.csv, results/table_4_7_per_region.csv
=== EVALUATE DONE ===
Saved results/gamma_beta_heatmap.png

=== Counterfactual Region-Embedding Ablation (Section 4.10.2) ===
        Region    n  Recall (region-specific)  Recall (mean embedding)  F1 (region-specific)  F1 (mean embedding)  Recall_drop   F1_drop
        Africa   24                  0.500000                 0.500000              0.600000             0.600000     0.000000  0.000000
     East Asia  244                  0.561905                 0.561905              0.572816             0.572816     0.000000  0.000000
        Europe 1159                  0.605206                 0.626898              0.672289             0.676815    -0.021692 -0.004526
 Latin America  105                  0.552632                 0.473684              0.646154             0.610169     0.078947  0.035984
 North America 3589                  0.765489                 0.736303              0.777431             0.768368     0.029186  0.009063
    South Asia  111                  0.552632                 0.552632              0.646154             0.646154     0.000000  0.000000
Southeast Asia   76                  0.656250                 0.656250              0.677419             0.677419     0.000000  0.000000

Saved results/ablation_results.csv
Saved results/region_embedding_pca.png
=== INTERPRETABILITY DONE ===
